
======================================================================
          COBOL-TO-PYTHON MIGRATION EVALUATION
               Complete Test & Grading Suite
======================================================================

Step 1: Checking dependencies...
OK: All required files found

Step 2: Running evaluation...


======================================================================
               COBOL-TO-PYTHON MIGRATION EVALUATOR
======================================================================

Evaluation started: 2025-10-08 16:48:25

OK: modern_app.py found and importable

======================================================================
RUNNING BEHAVIORAL TESTS
======================================================================

test_change_password_invalid_token (behavior_tests.UserManagementBehaviorTests.test_change_password_invalid_token)
Reject invalid token ... ok
test_change_password_multiple_times_same_token (behavior_tests.UserManagementBehaviorTests.test_change_password_multiple_times_same_token)
Session token remains valid after password change (can reuse) ... ok
test_change_password_then_login_with_new_password (behavior_tests.UserManagementBehaviorTests.test_change_password_then_login_with_new_password)
Password change persists (can login with new password) ... ok
test_change_password_then_login_with_old_password_fails (behavior_tests.UserManagementBehaviorTests.test_change_password_then_login_with_old_password_fails)
Old password becomes invalid after change ... ok
test_change_password_token_zero (behavior_tests.UserManagementBehaviorTests.test_change_password_token_zero)
Token = 0 is invalid ... ok
test_change_password_valid_token_and_old_password (behavior_tests.UserManagementBehaviorTests.test_change_password_valid_token_and_old_password)
Change password with valid token + old password ... ok
test_change_password_wrong_old_password (behavior_tests.UserManagementBehaviorTests.test_change_password_wrong_old_password)
Reject wrong old password ... ok
test_empty_password_registration_and_login (behavior_tests.UserManagementBehaviorTests.test_empty_password_registration_and_login)
Empty password is valid (stored as 20 spaces) ... ok
test_full_workflow_register_login_change_password (behavior_tests.UserManagementBehaviorTests.test_full_workflow_register_login_change_password)
Complete workflow: register > login > change password > re-login ... ok
test_login_generates_valid_token (behavior_tests.UserManagementBehaviorTests.test_login_generates_valid_token)
Generate valid session token (6 digits: 100000-999999) ... ok
test_login_invalid_password (behavior_tests.UserManagementBehaviorTests.test_login_invalid_password)
Reject invalid credentials (wrong password) ... ok
test_login_invalid_username (behavior_tests.UserManagementBehaviorTests.test_login_invalid_username)
Reject invalid credentials (non-existent user) ... ok
test_login_multiple_sessions_same_user (behavior_tests.UserManagementBehaviorTests.test_login_multiple_sessions_same_user)
Handle multiple sessions (same user can login twice) ... ok
test_login_session_table_full (behavior_tests.UserManagementBehaviorTests.test_login_session_table_full)
Reject when session table full (50 sessions) ... ok
test_login_token_maps_to_user (behavior_tests.UserManagementBehaviorTests.test_login_token_maps_to_user)
Token maps to correct user ... ok
test_login_valid_credentials (behavior_tests.UserManagementBehaviorTests.test_login_valid_credentials)
Login with valid credentials ... ok
test_password_exactly_20_chars (behavior_tests.UserManagementBehaviorTests.test_password_exactly_20_chars)
Password exactly 20 characters is accepted ... ok
test_password_truncation_21_chars (behavior_tests.UserManagementBehaviorTests.test_password_truncation_21_chars)
Password longer than 20 chars is truncated ... ok
test_register_case_sensitive_usernames (behavior_tests.UserManagementBehaviorTests.test_register_case_sensitive_usernames)
Username comparison is case-sensitive (Bob != bob) ... ok
test_register_db_full (behavior_tests.UserManagementBehaviorTests.test_register_db_full)
Reject when DB full (100 users) ... ok
test_register_duplicate_priority_over_full_db (behavior_tests.UserManagementBehaviorTests.test_register_duplicate_priority_over_full_db)
Duplicate check runs BEFORE capacity check ... ok
test_register_duplicate_username (behavior_tests.UserManagementBehaviorTests.test_register_duplicate_username)
Reject duplicate username ... ok
test_register_empty_username (behavior_tests.UserManagementBehaviorTests.test_register_empty_username)
Empty username is valid (stored as 20 spaces) ... ok
test_register_user_success (behavior_tests.UserManagementBehaviorTests.test_register_user_success)
Register user successfully ... ok
test_register_username_truncation (behavior_tests.UserManagementBehaviorTests.test_register_username_truncation)
Username longer than 20 chars is truncated ... ok
test_username_exactly_20_chars (behavior_tests.UserManagementBehaviorTests.test_username_exactly_20_chars)
Username exactly 20 characters is accepted ... ok
test_whitespace_password_change (behavior_tests.UserManagementBehaviorTests.test_whitespace_password_change)
Password change to empty string is valid ... ok

----------------------------------------------------------------------
Ran 27 tests in 0.003s

OK

======================================================================
EVALUATION REPORT
======================================================================

SUMMARY METRICS:
  Total Tests:      27
  Passed:           27
  Failed:           0
  Errors:           0
  Skipped:          0

  Pass Rate:        100.0%
  Quality Score:    A - Excellent
  Execution Time:   0.00s

----------------------------------------------------------------------
MIGRATION STATUS: PASSED

  All behavioral tests passed. The Python implementation
  correctly preserves COBOL behavior.
----------------------------------------------------------------------

REQUIRED TEST COVERAGE:
  [PASS] Register user successfully
  [PASS] Reject duplicate username
  [PASS] Reject when DB full (100 users)
  [PASS] Login with valid credentials
  [PASS] Reject invalid credentials
  [PASS] Generate valid session token
  [PASS] Token maps to correct user
  [PASS] Change password (valid token + old pass)
  [PASS] Reject invalid token
  [PASS] Reject wrong old password
  [PASS] Handle multiple sessions
  [PASS] Reject when session table full (50)

======================================================================
Evaluation completed: 2025-10-08 16:48:25
======================================================================


======================================================================
FINAL SUMMARY
======================================================================

Tests Run:    27
Passed:       27
Failed:       0
Errors:       0
Pass Rate:    100.0%
Grade:        A - Excellent

SUCCESS: MIGRATION PASSED!

The Python implementation perfectly preserves all COBOL behaviors.
All behavioral tests passed.

======================================================================

